digraph "<no value>" {
  // Config
  graph [rankdir=TB, layout=dot, fontname="Arial"];
  node [shape=record, fontsize=14, margin=0.6, fontname="Arial"];
  edge [fontsize=10, labelfloat=false, splines=none, fontname="Arial"];

  // Tables

  // Relations
}
