{
  "name": "testschema",
  "desc": "",
  "tables": [
    {
      "name": "a",
      "type": "",
      "comment": "table a",
      "columns": [
        {
          "name": "a",
          "type": "INTEGER",
          "nullable": false,
          "default": null,
          "comment": "column a"
        },
        {
          "name": "a2",
          "type": "TEXT",
          "nullable": false,
          "default": null,
          "comment": "column a2"
        }
      ],
      "indexes": [
        {
          "name": "PRIMARY KEY",
          "def": "PRIMARY KEY(a)",
          "table": "a",
          "columns": [
            "a"
          ],
          "comment": ""
        }
      ],
      "constraints": [
        {
          "name": "PRIMARY",
          "type": "",
          "def": "PRIMARY KEY (a)",
          "table": "a",
          "referenced_table": null,
          "columns": null,
          "referenced_columns": null,
          "comment": ""
        }
      ],
      "triggers": [
        {
          "name": "update_a_a2",
          "def": "CREATE CONSTRAINT TRIGGER update_a_a2 AFTER INSERT OR UPDATE ON a",
          "comment": ""
        }
      ],
      "def": ""
    },
    {
      "name": "b",
      "type": "",
      "comment": "table b",
      "columns": [
        {
          "name": "b",
          "type": "INTEGER",
          "nullable": false,
          "default": null,
          "comment": "column b"
        },
        {
          "name": "b2",
          "type": "TEXT",
          "nullable": false,
          "default": null,
          "comment": "column b2"
        }
      ],
      "indexes": [],
      "constraints": [],
      "triggers": [],
      "def": ""
    }
  ],
  "relations": [
    {
      "table": "b",
      "columns": [
        "b"
      ],
      "cardinality": "One or more",
      "parent_table": "a",
      "parent_columns": [
        "a"
      ],
      "parent_cardinality": "Exactly one",
      "def": "FOREIGN KEY (b) REFERENCES a(a)",
      "virtual": false
    }
  ],
  "functions": null,
  "driver": {
    "name": "testdriver",
    "database_version": "1.0.0",
    "meta": {}
  }
}
