# label green

## Description

select label green

## Tables

### label red

select label red

| Name | Columns | Comment | Type | Labels |
| ---- | ------- | ------- | ---- | ------ |
| [b](b.md) | 2 | table b |  | `red` `green` |

### -

| Name | Columns | Comment | Type | Labels |
| ---- | ------- | ------- | ---- | ------ |
| [a](a.md) | 2 | table a |  | `blue` `green` |

## Relations

![er](viewpoint-2.png)

---

> Generated by [tbls](https://github.com/k1LoW/tbls)
