# a

## Description

TABLE A

## Columns

| Name | Type | Default | Nullable | Children | Parents | Comment |
| ---- | ---- | ------- | -------- | -------- | ------- | ------- |
| a |  |  | false |  | [b](b.md) | COLUMN A |
| a2 |  |  | false |  |  | column a2 |

## Constraints

| Name | Type | Definition | Comment |
| ---- | ---- | ---------- | ------- |
| PRIMARY |  | PRIMARY KEY (a) | PRIMARY KEY |

## Indexes

| Name | Definition | Comment |
| ---- | ---------- | ------- |
| table_a_idx | CREATE INDEX table_a_idx ON a USING btree (a) | table a index |

## Triggers

| Name | Definition | Comment |
| ---- | ---------- | ------- |
| update_a_a2 | CREATE CONSTRAINT TRIGGER update_a_a2 AFTER INSERT OR UPDATE ON a | Update a2 when a update |

---

> Generated by [tbls](https://github.com/k1LoW/tbls)
