# testschema

## Tables

| Name | Columns | Comment | Type |
| ---- | ------- | ------- | ---- |
| [a](a.md) | 2 | TABLE A |  |
| [b](b.md) | 2 | table b |  |

## Relations

```mermaid
erDiagram

"b" }|--|| "a" : "FOREIGN KEY (b) REFERENCES a(a)"

"a" {
  INTEGER a PK
  TEXT a2
}
"b" {
  INTEGER b FK
  TEXT b2
}
```

---

> Generated by [tbls](https://github.com/k1LoW/tbls)
