# label blue

## Description

select label blue

![er](viewpoint-1.png)

## Tables

| Name | Columns | Comment | Type | Labels |
| ---- | ------- | ------- | ---- | ------ |
| [a](a.md) | 2 | table a |  | `blue` `green` |---

> Generated by [tbls](https://github.com/k1LoW/tbls)
