# label blue

## Description

select label blue

## Tables

| Name | Columns | Comment | Type | Labels |
| ---- | ------- | ------- | ---- | ------ |
| [a](a.md) | 2 | table a |  | `blue` `green` |

## Relations

```mermaid
erDiagram


"a" {
  INTEGER a
  TEXT a2
}
```

---

> Generated by [tbls](https://github.com/k1LoW/tbls)
