# testschema

## Tables

| Name      | Columns | Comment | Type | Labels         |
| --------- | ------- | ------- | ---- | -------------- |
| [a](a.md) | 2       | TABLE A |      | `blue` `green` |
| [b](b.md) | 2       | table b |      | `red` `green`  |

---

> Generated by [tbls](https://github.com/k1LoW/tbls)
