erDiagram

"b" }|--|| "a" : ""

"a" {
  INTEGER a PK
  TEXT a2
}
"b" {
  INTEGER b FK
  TEXT b2
}
