erDiagram

"b" }|--|| "a" : ""

"a" {
  INTEGER a
  TEXT a2
}
"b" {
  INTEGER b
  TEXT b2
}
