erDiagram

"b" }|--|| "a" : "FOREIGN KEY (b) REFERENCES a(a)"
