<?xml version="1.0" encoding="UTF-8" standalone="no"?>
<!DOCTYPE svg PUBLIC "-//W3C//DTD SVG 1.1//EN"
 "http://www.w3.org/Graphics/SVG/1.1/DTD/svg11.dtd">
<!-- Generated by graphviz version 2.40.1 (20161225.0304)
 -->
<!-- Title: a Pages: 1 -->
<svg width="337pt" height="412pt"
 viewBox="0.00 0.00 336.50 412.00" xmlns="http://www.w3.org/2000/svg" xmlns:xlink="http://www.w3.org/1999/xlink">
<g id="graph0" class="graph" transform="scale(1 1) rotate(0) translate(4 408)">
<title>a</title>
<polygon fill="#ffffff" stroke="transparent" points="-4,4 -4,-408 332.5,-408 332.5,4 -4,4"/>
<!-- a -->
<g id="node1" class="node">
<title>a</title>
<polygon fill="#efefef" stroke="transparent" points="188,-105.5 188,-140.5 283,-140.5 283,-105.5 188,-105.5"/>
<polygon fill="none" stroke="#000000" points="188,-105.5 188,-140.5 283,-140.5 283,-105.5 188,-105.5"/>
<text text-anchor="start" x="209.5039" y="-118.3" font-family="Arial Bold" font-size="18.00" fill="#000000">a</text>
<text text-anchor="start" x="219.5101" y="-118.3" font-family="Arial" font-size="14.00" fill="#000000">    </text>
<text text-anchor="start" x="253.7149" y="-118.3" font-family="Arial" font-size="14.00" fill="#666666">[]</text>
<polygon fill="none" stroke="#000000" points="188,-75.5 188,-105.5 283,-105.5 283,-75.5 188,-75.5"/>
<text text-anchor="start" x="194.6627" y="-86.9" font-family="Arial" font-size="14.00" fill="#000000">a </text>
<text text-anchor="start" x="206.3359" y="-86.9" font-family="Arial" font-size="14.00" fill="#666666">[INTEGER]</text>
<polygon fill="none" stroke="#000000" points="188,-45.5 188,-75.5 283,-75.5 283,-45.5 188,-45.5"/>
<text text-anchor="start" x="195" y="-56.9" font-family="Arial" font-size="14.00" fill="#000000">a2 </text>
<text text-anchor="start" x="214.4558" y="-56.9" font-family="Arial" font-size="14.00" fill="#666666">[TEXT]</text>
<polygon fill="none" stroke="#000000" stroke-width="3" points="186,-44.5 186,-142.5 284,-142.5 284,-44.5 186,-44.5"/>
</g>
<!-- b -->
<g id="node2" class="node">
<title>b</title>
<polygon fill="#efefef" stroke="transparent" points="188,-325.5 188,-360.5 283,-360.5 283,-325.5 188,-325.5"/>
<polygon fill="none" stroke="#000000" points="188,-325.5 188,-360.5 283,-360.5 283,-325.5 188,-325.5"/>
<text text-anchor="start" x="224.661" y="-338.3" font-family="Arial Bold" font-size="18.00" fill="#000000">b</text>
<text text-anchor="start" x="234.6672" y="-338.3" font-family="Arial" font-size="14.00" fill="#000000"> </text>
<text text-anchor="start" x="238.5578" y="-338.3" font-family="Arial" font-size="14.00" fill="#666666">[]</text>
<polygon fill="none" stroke="#000000" points="188,-295.5 188,-325.5 283,-325.5 283,-295.5 188,-295.5"/>
<text text-anchor="start" x="194.6627" y="-306.9" font-family="Arial" font-size="14.00" fill="#000000">b </text>
<text text-anchor="start" x="206.3359" y="-306.9" font-family="Arial" font-size="14.00" fill="#666666">[INTEGER]</text>
<polygon fill="none" stroke="#000000" points="188,-265.5 188,-295.5 283,-295.5 283,-265.5 188,-265.5"/>
<text text-anchor="start" x="195" y="-276.9" font-family="Arial" font-size="14.00" fill="#000000">b2 </text>
<text text-anchor="start" x="214.4558" y="-276.9" font-family="Arial" font-size="14.00" fill="#666666">[TEXT]</text>
</g>
<!-- b&#45;&gt;a -->
<g id="edge1" class="edge">
<title>b:b&#45;&gt;a:a</title>
<path fill="none" stroke="#000000" d="M177.784,-309.6591C90.3499,-294.8888 93.7552,-90.5 188,-90.5"/>
<polygon fill="#000000" stroke="#000000" points="178.0337,-309.6795 187.6308,-314.9848 183.0169,-310.0898 188,-310.5 188,-310.5 188,-310.5 183.0169,-310.0898 188.3692,-306.0152 178.0337,-309.6795 178.0337,-309.6795"/>
<text text-anchor="start" x="6.5005" y="-320.5" font-family="Arial" font-size="10.00" fill="#000000">FOREIGN KEY (b) REFERENCES a(a)</text>
</g>
</g>
</svg>
