<?xml version="1.0" encoding="UTF-8" standalone="no"?>
<!DOCTYPE svg PUBLIC "-//W3C//DTD SVG 1.1//EN"
 "http://www.w3.org/Graphics/SVG/1.1/DTD/svg11.dtd">
<!-- Generated by graphviz version 2.40.1 (20161225.0304)
 -->
<!-- Title: testschema Pages: 1 -->
<svg width="334pt" height="406pt"
 viewBox="0.00 0.00 333.50 406.00" xmlns="http://www.w3.org/2000/svg" xmlns:xlink="http://www.w3.org/1999/xlink">
<g id="graph0" class="graph" transform="scale(1 1) rotate(0) translate(4 402)">
<title>testschema</title>
<polygon fill="#ffffff" stroke="transparent" points="-4,4 -4,-402 329.5,-402 329.5,4 -4,4"/>
<!-- a -->
<g id="node1" class="node">
<title>a</title>
<polygon fill="#efefef" stroke="transparent" points="188,-102.5 188,-137.5 283,-137.5 283,-102.5 188,-102.5"/>
<polygon fill="none" stroke="#000000" points="188,-102.5 188,-137.5 283,-137.5 283,-102.5 188,-102.5"/>
<text text-anchor="start" x="224.661" y="-115.3" font-family="Arial Bold" font-size="18.00" fill="#000000">a</text>
<text text-anchor="start" x="234.6672" y="-115.3" font-family="Arial" font-size="14.00" fill="#000000"> </text>
<text text-anchor="start" x="238.5578" y="-115.3" font-family="Arial" font-size="14.00" fill="#666666">[]</text>
<polygon fill="none" stroke="#000000" points="188,-72.5 188,-102.5 283,-102.5 283,-72.5 188,-72.5"/>
<text text-anchor="start" x="194.6627" y="-83.9" font-family="Arial" font-size="14.00" fill="#000000">a </text>
<text text-anchor="start" x="206.3359" y="-83.9" font-family="Arial" font-size="14.00" fill="#666666">[INTEGER]</text>
<polygon fill="none" stroke="#000000" points="188,-42.5 188,-72.5 283,-72.5 283,-42.5 188,-42.5"/>
<text text-anchor="start" x="195" y="-53.9" font-family="Arial" font-size="14.00" fill="#000000">a2 </text>
<text text-anchor="start" x="214.4558" y="-53.9" font-family="Arial" font-size="14.00" fill="#666666">[TEXT]</text>
</g>
<!-- b -->
<g id="node2" class="node">
<title>b</title>
<polygon fill="#efefef" stroke="transparent" points="188,-319.5 188,-354.5 283,-354.5 283,-319.5 188,-319.5"/>
<polygon fill="none" stroke="#000000" points="188,-319.5 188,-354.5 283,-354.5 283,-319.5 188,-319.5"/>
<text text-anchor="start" x="224.661" y="-332.3" font-family="Arial Bold" font-size="18.00" fill="#000000">b</text>
<text text-anchor="start" x="234.6672" y="-332.3" font-family="Arial" font-size="14.00" fill="#000000"> </text>
<text text-anchor="start" x="238.5578" y="-332.3" font-family="Arial" font-size="14.00" fill="#666666">[]</text>
<polygon fill="none" stroke="#000000" points="188,-289.5 188,-319.5 283,-319.5 283,-289.5 188,-289.5"/>
<text text-anchor="start" x="194.6627" y="-300.9" font-family="Arial" font-size="14.00" fill="#000000">b </text>
<text text-anchor="start" x="206.3359" y="-300.9" font-family="Arial" font-size="14.00" fill="#666666">[INTEGER]</text>
<polygon fill="none" stroke="#000000" points="188,-259.5 188,-289.5 283,-289.5 283,-259.5 188,-259.5"/>
<text text-anchor="start" x="195" y="-270.9" font-family="Arial" font-size="14.00" fill="#000000">b2 </text>
<text text-anchor="start" x="214.4558" y="-270.9" font-family="Arial" font-size="14.00" fill="#666666">[TEXT]</text>
</g>
<!-- b&#45;&gt;a -->
<g id="edge1" class="edge">
<title>b:b&#45;&gt;a:a</title>
<path fill="none" stroke="#000000" d="M177.9233,-303.6705C91.6815,-289.1017 95.0404,-87.5 188,-87.5"/>
<polygon fill="#000000" stroke="#000000" points="178.0337,-303.6795 187.6308,-308.9848 183.0169,-304.0898 188,-304.5 188,-304.5 188,-304.5 183.0169,-304.0898 188.3692,-300.0152 178.0337,-303.6795 178.0337,-303.6795"/>
<text text-anchor="start" x="6.5005" y="-314.5" font-family="Arial" font-size="10.00" fill="#000000">FOREIGN KEY (b) REFERENCES a(a)</text>
</g>
</g>
</svg>
